// Jest Snapshot v1, https://goo.gl/fbAQLP

exports[`wrapInBlock 1`] = `"{ }"`;

exports[`wrapInBlock 2`] = `
"{
  line1
  line2
}"
`;
